===============================
 System Status Report - Thu Oct 16 12:27:43 PM EDT 2025
===============================

>>> UPTIME:
 12:27:43 up 53 min,  4 users,  load average: 0.60, 0.26, 0.24

>>> MEMORY USAGE:
               total        used        free      shared  buff/cache   available
Mem:           3.3Gi       2.3Gi       164Mi        54Mi       822Mi       1.0Gi
Swap:          3.2Gi       1.0Gi       2.2Gi

>>> DISK USAGE:
Filesystem      Size  Used Avail Use% Mounted on
tmpfs           339M  2.2M  337M   1% /run
/dev/nvme0n1p2   19G   12G  6.4G  65% /
tmpfs           1.7G     0  1.7G   0% /dev/shm
efivarfs        256K   32K  225K  13% /sys/firmware/efi/efivars
tmpfs           5.0M  8.0K  5.0M   1% /run/lock
tmpfs           1.0M     0  1.0M   0% /run/credentials/systemd-journald.service
tmpfs           1.0M     0  1.0M   0% /run/credentials/systemd-resolved.service
/dev/nvme0n1p1  952M  6.4M  945M   1% /boot/efi
tmpfs           1.7G   13M  1.7G   1% /tmp
tmpfs           339M  124K  339M   1% /run/user/1000
tmpfs           339M  156K  339M   1% /run/user/1001

--------------------------------
===============================
 System Status Report - Thu Oct 16 12:29:37 PM EDT 2025
===============================

>>> UPTIME:
 12:29:37 up 55 min,  4 users,  load average: 0.11, 0.18, 0.21

>>> MEMORY USAGE:
               total        used        free      shared  buff/cache   available
Mem:           3.3Gi       2.2Gi       171Mi        54Mi       825Mi       1.1Gi
Swap:          3.2Gi       1.0Gi       2.2Gi

>>> DISK USAGE:
Filesystem      Size  Used Avail Use% Mounted on
tmpfs           339M  2.2M  337M   1% /run
/dev/nvme0n1p2   19G   12G  6.4G  65% /
tmpfs           1.7G     0  1.7G   0% /dev/shm
efivarfs        256K   32K  225K  13% /sys/firmware/efi/efivars
tmpfs           5.0M  8.0K  5.0M   1% /run/lock
tmpfs           1.0M     0  1.0M   0% /run/credentials/systemd-journald.service
tmpfs           1.0M     0  1.0M   0% /run/credentials/systemd-resolved.service
/dev/nvme0n1p1  952M  6.4M  945M   1% /boot/efi
tmpfs           1.7G   13M  1.7G   1% /tmp
tmpfs           339M  124K  339M   1% /run/user/1000
tmpfs           339M  156K  339M   1% /run/user/1001

--------------------------------
===============================
 System Status Report - Thu Oct 16 12:31:28 PM EDT 2025
===============================

>>> UPTIME:
 12:31:28 up 57 min,  4 users,  load average: 0.21, 0.18, 0.20

>>> MEMORY USAGE:
               total        used        free      shared  buff/cache   available
Mem:           3.3Gi       2.0Gi       332Mi        49Mi       1.0Gi       1.3Gi
Swap:          3.2Gi       1.2Gi       1.9Gi

>>> DISK USAGE:
Filesystem      Size  Used Avail Use% Mounted on
tmpfs           339M  2.2M  337M   1% /run
/dev/nvme0n1p2   19G   11G  7.3G  59% /
tmpfs           1.7G     0  1.7G   0% /dev/shm
efivarfs        256K   32K  225K  13% /sys/firmware/efi/efivars
tmpfs           5.0M  8.0K  5.0M   1% /run/lock
tmpfs           1.0M     0  1.0M   0% /run/credentials/systemd-journald.service
tmpfs           1.0M     0  1.0M   0% /run/credentials/systemd-resolved.service
/dev/nvme0n1p1  952M  6.4M  945M   1% /boot/efi
tmpfs           1.7G   13M  1.7G   1% /tmp
tmpfs           339M  124K  339M   1% /run/user/1000
tmpfs           339M  156K  339M   1% /run/user/1001

--------------------------------
